
> xtrasecurity@1.0.0 build
> next build

   Γû▓ Next.js 15.5.12
   - Environments: .env

   Creating an optimized production build ...
node.exe : glob error [Error: 
EPERM: operation not permitted, 
scandir 'C:\Users\hp\Application 
Data'] {
At C:\Users\hp\AppData\Roaming\npm\
npm.ps1:24 char:5
+     & "node$exe"  "$basedir/node_
modules/npm/bin/npm-cli.js" $args
+     ~~~~~~~~~~~~~~~~~~~~~~~~~~~~~
~~~~~~~~~~~~~~~~~~~~~~~~~~~~~~~~~
    + CategoryInfo          : NotS 
   pecified: (glob error [Err...c  
  ation Data'] {:String) [], Rem   
 oteException
    + FullyQualifiedErrorId : Nati 
   veCommandError
 
  errno: -4048,
  code: 'EPERM',
  syscall: 'scandir',
  path: 
'C:\\Users\\hp\\Application Data'
}
Failed to compile.

Error: EPERM: operation not 
permitted, scandir 
'C:\Users\hp\Application Data'


> Build failed because of webpack 
errors
