node.exe : npm error could not 
determine executable to run
At C:\Users\hp\AppData\Roaming\npm\
npx.ps1:24 char:5
+     & "node$exe"  "$basedir/node_
modules/npm/bin/npx-cli.js" $args
+     ~~~~~~~~~~~~~~~~~~~~~~~~~~~~~
~~~~~~~~~~~~~~~~~~~~~~~~~~~~~~~~~
    + CategoryInfo          : NotS 
   pecified: (npm error could...e  
  cutable to run:String) [], Rem   
 oteException
    + FullyQualifiedErrorId : Nati 
   veCommandError
 
npm error A complete log of this 
run can be found in: C:\Users\hp\Ap
pData\Local\npm-cache\_logs\2026-02
-24T04_25_57_107Z-debug-0.log
